{
  "metadata": {
    "plan_id": "[NORMALIZED]",
    "created_at": "[NORMALIZED]",
    "cli_version": "0.1.0",
    "config_hash": "fcc26baff5d885605e932d300e971f03a69b26ccdf2aa48518447fdef9fac613",
    "content_hash": "d807b0f8154f4f788962cb572f0194c1fcb3001e322659052abe3fc2176adf6d",
    "base_directory": "[NORMALIZED]",
    "config_files": [
      "hypernative/notification-channels/*.yaml",
      "hypernative/watchlists/*.yaml"
    ]
  },
  "changes": [
    {
      "kind": "notification_channel",
      "name": "slack-alerts",
      "remote_id": "nc_123",
      "change_type": "UPDATE",
      "current_hash": "old_slack_hash",
      "desired_hash": "hash_92",
      "field_diffs": [
        {
          "path": "config",
          "old_value": "[Previous configuration]",
          "new_value": "[New configuration]",
          "change_type": "changed"
        }
      ],
      "dependencies": [],
      "dependents": [
        "main-watchlist"
      ],
      "risk_level": "low"
    },
    {
      "kind": "watchlist",
      "name": "main-watchlist",
      "remote_id": "wl_456",
      "change_type": "UPDATE",
      "current_hash": "old_watchlist_hash",
      "desired_hash": "hash_f5",
      "field_diffs": [
        {
          "path": "config",
          "old_value": "[Previous configuration]",
          "new_value": "[New configuration]",
          "change_type": "changed"
        }
      ],
      "dependencies": [
        "slack-alerts"
      ],
      "dependents": [],
      "risk_level": "low"
    }
  ],
  "summary": {
    "total_resources": 2,
    "to_create": 0,
    "to_update": 2,
    "to_replace": 0,
    "to_delete": 0,
    "no_change": 0,
    "by_resource_type": {
      "notification_channel": {
        "to_create": 0,
        "to_update": 1,
        "to_replace": 0,
        "to_delete": 0,
        "no_change": 0
      },
      "watchlist": {
        "to_create": 0,
        "to_update": 1,
        "to_replace": 0,
        "to_delete": 0,
        "no_change": 0
      }
    }
  },
  "dependencies": [
    {
      "resource_name": "main-watchlist",
      "resource_kind": "watchlist",
      "depends_on_name": "slack-alerts",
      "depends_on_kind": "notification_channel",
      "dependency_type": "references"
    }
  ]
}